// Jest Snapshot v1, https://goo.gl/fbAQLP

exports[`Should add review page render correctly 1`] = `null`;
