// Jest Snapshot v1, https://goo.gl/fbAQLP

exports[`Should movie list render correctly 1`] = `
<div
  className="catalog__movies-list"
>
  <a
    aria-current={null}
    className="small-movie-card catalog__movies-card"
    href="/movie/1"
    onClick={[Function]}
    style={
      Object {
        "color": "#c9b37e",
      }
    }
  >
    <article
      onMouseEnter={[Function]}
      onMouseLeave={[Function]}
    >
      <div
        className="small-movie-card__image"
      />
      <h3
        className="small-movie-card__title"
      >
        <p
          className="small-movie-card__link"
          href="#"
        >
          Seven Years in Tibet
        </p>
      </h3>
    </article>
  </a>
  <a
    aria-current={null}
    className="small-movie-card catalog__movies-card"
    href="/movie/2"
    onClick={[Function]}
    style={
      Object {
        "color": "#c9b37e",
      }
    }
  >
    <article
      onMouseEnter={[Function]}
      onMouseLeave={[Function]}
    >
      <div
        className="small-movie-card__image"
      />
      <h3
        className="small-movie-card__title"
      >
        <p
          className="small-movie-card__link"
          href="#"
        >
          Seven Years in Tibet
        </p>
      </h3>
    </article>
  </a>
</div>
`;
