// Jest Snapshot v1, https://goo.gl/fbAQLP

exports[`Should video player render correctrly 1`] = `
<div
  className="player"
>
  <video
    autoPlay={true}
    className="player__video"
    poster="https://htmlacademy-react-3.appspot.com/wtw/static/film/background/Seven_Years_in_Tibet.jpg"
    src="http://media.xiph.org/mango/tears_of_steel_1080p.webm"
  />
  <button
    className="player__exit"
    onClick={[Function]}
    type="button"
  >
    Exit
  </button>
  <div
    className="player__controls"
  >
    <div
      className="player__controls-row"
    >
      <div
        className="player__time"
      >
        <progress
          className="player__progress"
          max={100}
        />
        <div
          className="player__toggler"
          style={
            Object {
              "left": "undefined%",
            }
          }
        >
          Toggler
        </div>
      </div>
      <div
        className="player__time-value"
      />
    </div>
    <div
      className="player__controls-row"
    >
      <button
        className="player__play"
        type="button"
      >
        <svg
          height="21"
          viewBox="0 0 14 21"
          width="14"
        >
          <use
            xlinkHref="#pause"
          />
        </svg>
        <span>
          Pause
        </span>
      </button>
      <div
        className="player__name"
      >
        Seven Years in Tibet
      </div>
      <button
        className="player__full-screen"
        type="button"
      >
        <svg
          height={27}
          viewBox="0 0 27 27"
          width={27}
        >
          <use
            xlinkHref="#full-screen"
          />
        </svg>
        <span>
          Full screen
        </span>
      </button>
    </div>
  </div>
</div>
`;
