// Jest Snapshot v1, https://goo.gl/fbAQLP

exports[`Should add review page render correctly 1`] = `
<div
  className="user-page"
>
  <header
    className="page-header user-page__head"
  >
    <div
      className="logo"
    >
      <a
        className="logo__link"
        href="/"
        onClick={[Function]}
      >
        <span
          className="logo__letter logo__letter--1"
        >
          W
        </span>
        <span
          className="logo__letter logo__letter--2"
        >
          T
        </span>
        <span
          className="logo__letter logo__letter--3"
        >
          W
        </span>
      </a>
    </div>
    <h1
      className="page-title user-page__title"
    >
      My list
    </h1>
    <div
      className="user-block"
    >
      <div
        className="user-block__avatar"
      >
        <img
          alt="User avatar"
          height={63}
          src="https://htmlacademy-react-3.appspot.com//wtw/static/avatar/8.jpg"
          width={63}
        />
      </div>
    </div>
  </header>
  <section
    className="catalog"
  >
    <h2
      className="catalog__title visually-hidden"
    >
      Catalog
    </h2>
    <div
      className="catalog__movies-list"
    >
      <a
        className="small-movie-card catalog__movies-card"
        href="/movie/1"
        onClick={[Function]}
        style={
          Object {
            "color": "#c9b37e",
          }
        }
      >
        <div
          className="small-movie-card__image"
        >
          <img
            height={175}
            src="https://htmlacademy-react-3.appspot.com/wtw/static/film/preview/seven-years-in-tibet.jpg"
            width={280}
          />
        </div>
        <h3
          className="small-movie-card__title"
        >
          <p
            className="small-movie-card__link"
            href="movie-page.html"
          >
            Seven Years in Tibet
          </p>
        </h3>
      </a>
      <a
        className="small-movie-card catalog__movies-card"
        href="/movie/2"
        onClick={[Function]}
        style={
          Object {
            "color": "#c9b37e",
          }
        }
      >
        <div
          className="small-movie-card__image"
        >
          <img
            height={175}
            src="https://htmlacademy-react-3.appspot.com/wtw/static/film/preview/seven-years-in-tibet.jpg"
            width={280}
          />
        </div>
        <h3
          className="small-movie-card__title"
        >
          <p
            className="small-movie-card__link"
            href="movie-page.html"
          >
            Seven Years in Tibet
          </p>
        </h3>
      </a>
    </div>
  </section>
  <footer
    className="page-footer"
  >
    <div
      className="logo"
    >
      <a
        className="logo__link logo__link--light"
        onClick={[Function]}
      >
        <span
          className="logo__letter logo__letter--1"
        >
          W
        </span>
        <span
          className="logo__letter logo__letter--2"
        >
          T
        </span>
        <span
          className="logo__letter logo__letter--3"
        >
          W
        </span>
      </a>
    </div>
    <div
      className="copyright"
    >
      <p>
        Â© 2019 What to watch Ltd.
      </p>
    </div>
  </footer>
</div>
`;
