// Jest Snapshot v1, https://goo.gl/fbAQLP

exports[`Should movie page render correctly 1`] = `null`;
