// Jest Snapshot v1, https://goo.gl/fbAQLP

exports[`Should add review page render correctly 1`] = `
<div
  style={
    Object {
      "backgroundColor": "red",
      "fontSize": "30px",
      "left": 0,
      "margin": "0 auto",
      "position": "absolute",
      "right": 0,
      "textAlign": "center",
      "top": 0,
      "zIndex": 100,
    }
  }
>
  Выполните вход
</div>
`;
