// Jest Snapshot v1, https://goo.gl/fbAQLP

exports[`Should movie like-list render correctly 1`] = `
<section
  className="catalog catalog--like-this"
>
  <h2
    className="catalog__title"
  >
    More like this
  </h2>
  <div
    className="catalog__movies-list"
  >
    <a
      aria-current={null}
      className="small-movie-card catalog__movies-card"
      href="/movie/1"
      onClick={[Function]}
      onMouseEnter={[Function]}
      onMouseLeave={[Function]}
      style={
        Object {
          "color": "#c9b37e",
        }
      }
    >
      <article
        onMouseEnter={[Function]}
        onMouseLeave={[Function]}
      >
        <div
          className="small-movie-card__image"
        />
        <h3
          className="small-movie-card__title"
        >
          <a
            className="small-movie-card__link"
            href="#"
          >
            Seven Years in Tibet
          </a>
        </h3>
      </article>
    </a>
  </div>
</section>
`;
