// Jest Snapshot v1, https://goo.gl/fbAQLP

exports[`Should add review page render correctly 1`] = `
<section
  className="movie-card movie-card--full"
>
  <div
    className="movie-card__header"
  >
    <div
      className="movie-card__bg"
    >
      <img
        alt="Seven Years in Tibet img"
        src="https://htmlacademy-react-3.appspot.com/wtw/static/film/background/Seven_Years_in_Tibet.jpg"
      />
    </div>
    <h1
      className="visually-hidden"
    >
      WTW
    </h1>
    <header
      className="page-header"
    >
      <div
        className="logo"
      >
        <a
          className="logo__link"
          href=""
          onClick={[Function]}
        >
          <span
            className="logo__letter logo__letter--1"
          >
            W
          </span>
          <span
            className="logo__letter logo__letter--2"
          >
            T
          </span>
          <span
            className="logo__letter logo__letter--3"
          >
            W
          </span>
        </a>
      </div>
      <nav
        className="breadcrumbs"
      >
        <ul
          className="breadcrumbs__list"
        >
          <li
            className="breadcrumbs__item"
          >
            <a
              className="breadcrumbs__link"
              href="movie-page.html"
            >
              Seven Years in Tibet
            </a>
          </li>
          <li
            className="breadcrumbs__item"
          >
            <a
              className="breadcrumbs__link"
            >
              Add review
            </a>
          </li>
        </ul>
      </nav>
      <div
        className="user-block"
      >
        <div
          className="user-block__avatar"
        >
          <img
            alt="User avatar"
            height={63}
            src="https://htmlacademy-react-3.appspot.com/null"
            width={63}
          />
        </div>
      </div>
    </header>
    <div
      className="movie-card__poster movie-card__poster--small"
    >
      <img
        alt="Seven Years in Tibet img"
        height={327}
        src="https://htmlacademy-react-3.appspot.com/wtw/static/film/poster/Seven_Years_in_Tibet.jpg"
        width={218}
      />
    </div>
  </div>
  <div
    className="add-review"
  >
    <form
      action="#"
      className="add-review__form"
      disabled={false}
      onSubmit={[Function]}
    >
      <div
        className="rating"
      >
        <div
          className="rating__stars"
        >
          <input
            className="rating__input"
            defaultValue={1}
            id="star-1"
            name="rating"
            type="radio"
          />
          <label
            className="rating__label"
            htmlFor="star-1"
          >
            Rating 1
          </label>
          <input
            className="rating__input"
            defaultValue={2}
            id="star-2"
            name="rating"
            type="radio"
          />
          <label
            className="rating__label"
            htmlFor="star-2"
          >
            Rating 2
          </label>
          <input
            className="rating__input"
            defaultChecked={true}
            defaultValue={3}
            id="star-3"
            name="rating"
            type="radio"
          />
          <label
            className="rating__label"
            htmlFor="star-3"
          >
            Rating 3
          </label>
          <input
            className="rating__input"
            defaultValue={4}
            id="star-4"
            name="rating"
            type="radio"
          />
          <label
            className="rating__label"
            htmlFor="star-4"
          >
            Rating 4
          </label>
          <input
            className="rating__input"
            defaultValue={5}
            id="star-5"
            name="rating"
            type="radio"
          />
          <label
            className="rating__label"
            htmlFor="star-5"
          >
            Rating 5
          </label>
        </div>
      </div>
      <div
        className="add-review__text"
        s={true}
      >
        <textarea
          className="add-review__textarea"
          defaultValue=""
          id="review-text"
          maxLength={400}
          minLength={50}
          name="review-text"
          placeholder="Review text"
        />
        <div
          className="add-review__submit"
        >
          <button
            className="add-review__btn"
            type="submit"
          >
            Post
          </button>
        </div>
      </div>
    </form>
  </div>
</section>
`;
