// Jest Snapshot v1, https://goo.gl/fbAQLP

exports[`Should movie card render correctly 1`] = `
<ul
  className="catalog__genres-list"
>
  <li
    className="catalog__genres-item + "
  >
    <a
      className="catalog__genres-link"
      href="#"
      onClick={[Function]}
    >
      Drama
    </a>
  </li>
  <li
    className="catalog__genres-item + "
  >
    <a
      className="catalog__genres-link"
      href="#"
      onClick={[Function]}
    >
      TVshow
    </a>
  </li>
</ul>
`;
