// Jest Snapshot v1, https://goo.gl/fbAQLP

exports[`Should movie card render correctly 1`] = `
<article
  className="small-movie-card catalog__movies-card"
  onMouseEnter={[Function]}
  onMouseLeave={[Function]}
>
  <div
    className="small-movie-card__image"
  >
    <img
      alt="Bohemian Rhapsody"
      height={175}
      src="img/pulp-fiction.jpg"
      width={280}
    />
  </div>
  <h3
    className="small-movie-card__title"
  >
    <a
      className="small-movie-card__link"
      href="#"
      onClick={[Function]}
    >
      Bohemian Rhapsody
    </a>
  </h3>
</article>
`;
